// Jest Snapshot v1, https://goo.gl/fbAQLP

exports[`Modal should render properly 1`] = `<div />`;
