// Jest Snapshot v1, https://goo.gl/fbAQLP

exports[`PreviewModal should render properly 1`] = `<div />`;
