// Jest Snapshot v1, https://goo.gl/fbAQLP

exports[`Pagination should render properly 1`] = `
<div>
  <div
    class="flex items-center justify-center my-8"
  />
</div>
`;
