// Jest Snapshot v1, https://goo.gl/fbAQLP

exports[`SortFilter should render properly 1`] = `
<div>
  <div
    class="flex items-center justify-center py-2"
  >
    <div
      class="relative inline-block text-left"
    >
      <span
        class="rounded-md shadow-sm"
      >
        <button
          aria-expanded="false"
          aria-haspopup="menu"
          class="inline-flex justify-center w-full px-4 py-2 text-sm font-medium leading-5 text-gray-700 transition duration-150 ease-in-out bg-white border border-gray-300 rounded-md hover:text-gray-500 focus:outline-none focus:border-blue-300 focus:shadow-outline-blue "
          data-headlessui-state=""
          id="headlessui-menu-button-:r0:"
          type="button"
        >
          <span>
            Sort
          </span>
          <svg
            class="w-5 h-5 ml-2 -mr-1"
            fill="currentColor"
            viewBox="0 0 20 20"
          >
            <path
              clip-rule="evenodd"
              d="M5.293 7.293a1 1 0 011.414 0L10 10.586l3.293-3.293a1 1 0 111.414 1.414l-4 4a1 1 0 01-1.414 0l-4-4a1 1 0 010-1.414z"
              fill-rule="evenodd"
            />
          </svg>
        </button>
      </span>
    </div>
  </div>
</div>
`;
