// Jest Snapshot v1, https://goo.gl/fbAQLP

exports[`Info should render properly 1`] = `
<div>
  <div>
    <h1
      class="text-3xl font-bold text-gray-900"
    >
      iPhone 9
    </h1>
    <h3
      class="font-semibold text-black"
    >
      An apple mobile which is nothing like apple
    </h3>
    <div
      class="mt-3 flex items-end justify-between"
    >
      <p
        class="text-2xl text-gray-900"
      >
        <div
          class="font-semibold"
        >
          $549.00
        </div>
      </p>
    </div>
    <hr
      class="my-4"
    />
    <div
      class="mt-10 flex items-center gap-x-3"
    >
      <button
        class="w-auto rounded-full bg-black border border-transparent px-5 py-3 disabled:cursor-not-allowed disabled:opacity-50 text-white font-semibold hover:opacity-75 transition flex items-center gap-x-2"
        type="button"
      >
        Add To Cart
        <svg
          class="lucide lucide-shopping-cart"
          fill="none"
          height="20"
          stroke="currentColor"
          stroke-linecap="round"
          stroke-linejoin="round"
          stroke-width="2"
          viewBox="0 0 24 24"
          width="20"
          xmlns="http://www.w3.org/2000/svg"
        >
          <circle
            cx="8"
            cy="21"
            r="1"
          />
          <circle
            cx="19"
            cy="21"
            r="1"
          />
          <path
            d="M2.05 2.05h2l2.66 12.42a2 2 0 0 0 2 1.58h9.78a2 2 0 0 0 1.95-1.57l1.65-7.43H5.12"
          />
        </svg>
      </button>
    </div>
  </div>
</div>
`;
