// Jest Snapshot v1, https://goo.gl/fbAQLP

exports[`IconButton should render properly 1`] = `
<div>
  <button
    class="rounded-full flex items-center justify-center bg-white border shadow-md p-2 hover:scale-110 transition"
    title="iconButton"
  >
    <svg />
  </button>
</div>
`;
