// Jest Snapshot v1, https://goo.gl/fbAQLP

exports[`CartSummary should render properly 1`] = `
<div>
  <div
    class="mt-16 rounded-lg bg-gray-50 px-4 py-6 sm:p-6 lg:col-span-5 lg:mt-0 lg:p-8"
  >
    <h2
      class="text-lg font-medium text-gray-900"
    >
      Order summary
    </h2>
    <div
      class="mt-6 space-y-4"
    >
      <div
        class="flex items-center justify-between border-t border-gray-200 pt-4"
      >
        <div
          class="text-base font-medium text-gray-900"
        >
          Order total
        </div>
        <div
          class="font-semibold"
        >
          $0.00
        </div>
      </div>
    </div>
    <button
      class="rounded-full bg-black border border-transparent px-5 py-3 disabled:cursor-not-allowed disabled:opacity-50 text-white font-semibold hover:opacity-75 transition opacity-75 cursor-not-allowed w-full mt-6"
      disabled=""
      type="button"
    >
      Checkout
    </button>
  </div>
</div>
`;
