// Jest Snapshot v1, https://goo.gl/fbAQLP

exports[`NavbarActions should render properly 1`] = `
<div>
  <div
    class="ml-auto flex items-center gap-x-4"
  >
    <button
      class="w-auto border border-transparent disabled:cursor-not-allowed disabled:opacity-50 text-white font-semibold hover:opacity-75 transition flex items-center rounded-full bg-black px-4 py-2"
      type="button"
    >
      <svg
        class="lucide lucide-shopping-bag"
        fill="none"
        height="20"
        stroke="white"
        stroke-linecap="round"
        stroke-linejoin="round"
        stroke-width="2"
        viewBox="0 0 24 24"
        width="20"
        xmlns="http://www.w3.org/2000/svg"
      >
        <path
          d="M6 2 3 6v14a2 2 0 0 0 2 2h14a2 2 0 0 0 2-2V6l-3-4Z"
        />
        <path
          d="M3 6h18"
        />
        <path
          d="M16 10a4 4 0 0 1-8 0"
        />
      </svg>
      <span
        class="ml-2 text-sm font-medium text-white"
      >
        0
      </span>
    </button>
  </div>
</div>
`;
