// Jest Snapshot v1, https://goo.gl/fbAQLP

exports[`Footer should render properly 1`] = `
<div>
  <footer
    class="bg-white border-t"
  >
    <div
      class="mx-auto py-10"
    >
      <p
        class="text-center text-xs text-black"
      >
        Â© 2023 E-Commerce-Store, Inc. All rights reserved.
      </p>
    </div>
  </footer>
</div>
`;
