// Jest Snapshot v1, https://goo.gl/fbAQLP

exports[`Container should render properly 1`] = `
<div>
  <div
    class="mx-auto max-w-screen-2xl"
  >
    dummy
  </div>
</div>
`;
