// Jest Snapshot v1, https://goo.gl/fbAQLP

exports[`MainNav should render properly 1`] = `
<div>
  <div
    class="mx-auto max-w-7xl"
  >
    <nav
      class="mx-6 flex flex-wrap items-center justify-around"
    >
      <a
        class="bg-blue-100 hover:bg-blue-200 text-xs font-semibold mr-2 mb-2 px-2.5 py-0.5 rounded dark:bg-gray-700 dark:text-blue-400 border border-blue-400 inline-flex items-center justify-center text-neutral-500"
        href="/category/dummy"
      >
        dummy
      </a>
    </nav>
  </div>
</div>
`;
