// Jest Snapshot v1, https://goo.gl/fbAQLP

exports[`NoResults should render properly 1`] = `
<div>
  <div
    class="flex items-center justify-center h-full w-full text-neutral-500"
  >
    No results found.
  </div>
</div>
`;
